// Jest Snapshot v1, https://goo.gl/fbAQLP

exports[`Hello Renders Matt 1`] = `ShallowWrapper {}`;

exports[`Hello Renders Nigel 1`] = `ShallowWrapper {}`;
